  build: RUNNING (build_system)
  build: COMPLETED
  parameterize: RUNNING (parameterize_system)
  parameterize: COMPLETED
  prepare: RUNNING (prepare_simulation_system)
  prepare: RUNNING (prepare_simulation_system)
  prepare: RUNNING (prepare_simulation_system)
  prepare: RUNNING (prepare_simulation_system)
  prepare: RUNNING (prepare_simulation_system)
  prepare: RUNNING (prepare_simulation_system)
  prepare: RUNNING (prepare_simulation_system)
  prepare: RUNNING (prepare_simulation_system)
  prepare: RUNNING (prepare_simulation_system)
  prepare: RUNNING (prepare_simulation_system)
  prepare: RUNNING (prepare_simulation_system)
  prepare: RUNNING (prepare_simulation_system)
  prepare: RUNNING (prepare_simulation_system)
  prepare: FAILED (provider_error)
  prepare: FAILED (provider_error)
  prepare: FAILED (provider_error)
  prepare: FAILED (provider_error)
  prepare: FAILED (provider_error)
  prepare: FAILED (provider_error)
  prepare: FAILED (provider_error)
  prepare: FAILED (provider_error)
  prepare: FAILED (provider_error)
  prepare: FAILED (provider_error)
  prepare: FAILED (provider_error)
  prepare: FAILED (provider_error)
  prepare: FAILED (scientific_validation)
